// Jest Snapshot v1, https://goo.gl/fbAQLP

exports[`basic rendering case snapshot 1`] = `
.c0 {
  text-indent: -2em;
  padding-left: 2em;
}

.c1 {
  display: inline-block;
  width: 2em;
  padding-right: 0.6em;
  color: #858585;
  cursor: default;
  -webkit-user-select: none;
  -moz-user-select: none;
  -ms-user-select: none;
  user-select: none;
  text-align: right;
}

<pre>
  <div
    class="c0 token-line"
    style="color:#9CDCFE"
  >
    <span
      class="c1"
    >
      1
    </span>
    <span
      class="token keyword"
      style="color:rgb(86, 156, 214)"
    >
      let
    </span>
    <span
      class="token plain"
    >
       a
    </span>
    <span
      class="token punctuation"
      style="color:rgb(212, 212, 212)"
    >
      :
    </span>
    <span
      class="token plain"
    >
       
    </span>
    <span
      class="token builtin"
      style="color:rgb(86, 156, 214)"
    >
      number
    </span>
    <span
      class="token plain"
    >
       
    </span>
    <span
      class="token operator"
      style="color:rgb(212, 212, 212)"
    >
      =
    </span>
    <span
      class="token plain"
    >
       
    </span>
    <span
      class="token number"
      style="color:rgb(181, 206, 168)"
    >
      1
    </span>
    <span
      class="token plain"
    >
       
    </span>
    <span
      class="token operator"
      style="color:rgb(212, 212, 212)"
    >
      +
    </span>
    <span
      class="token plain"
    >
       
    </span>
    <span
      class="token number"
      style="color:rgb(181, 206, 168)"
    >
      2
    </span>
    <span
      class="token punctuation"
      style="color:rgb(212, 212, 212)"
    >
      ;
    </span>
  </div>
</pre>
`;
