// Jest Snapshot v1, https://goo.gl/fbAQLP

exports[`basic rendering case snapshot 1`] = `
.c0 {
  padding: var(--md-table-cell-padding,0.4rem 0.8rem);
  border: 1px solid var(--md-table-border-color);
}

<table>
  <tbody>
    <tr>
      <TableCell
        style={
          Object {
            "color": "orange",
            "fontSize": "16px",
          }
        }
      >
        <styled.td
          align="center"
          style={
            Object {
              "color": "orange",
              "fontSize": "16px",
            }
          }
        >
          <td
            className="c0"
            style={
              Object {
                "color": "orange",
                "fontSize": "16px",
              }
            }
          >
            some text1
            <span>
              some text2
            </span>
          </td>
        </styled.td>
      </TableCell>
    </tr>
  </tbody>
</table>
`;
