// Jest Snapshot v1, https://goo.gl/fbAQLP

exports[`basic rendering case snapshot 1`] = `
.c0 {
  padding: var(--md-table-cell-padding,0.4rem 0.8rem);
  border: 1px solid var(--md-table-border-color);
}

<table>
  <tbody>
    <TableRow
      style={
        Object {
          "color": "orange",
          "fontSize": "16px",
        }
      }
    >
      <styled.tr
        style={
          Object {
            "color": "orange",
            "fontSize": "16px",
          }
        }
      >
        <tr
          className=""
          style={
            Object {
              "color": "orange",
              "fontSize": "16px",
            }
          }
        >
          <TableCell
            isHeader={false}
          >
            <styled.td
              align="center"
            >
              <td
                className="c0"
              >
                some text1
                <span>
                  some text2
                </span>
              </td>
            </styled.td>
          </TableCell>
        </tr>
      </styled.tr>
    </TableRow>
  </tbody>
</table>
`;
