// Jest Snapshot v1, https://goo.gl/fbAQLP

exports[`snapshot 1`] = `
<table
  class="yozora-table"
  style="color:orange;font-size:16px"
>
  <thead
    class="yozora-table__thead"
  >
    <tr
      class="yozora-table-row"
    >
      <th
        align="center"
        class="yozora-table-cell"
      >
        Name
      </th>
      <th
        align="left"
        class="yozora-table-cell"
      >
        Age
      </th>
    </tr>
  </thead>
  <tbody
    class="yozora-table__tbody"
  >
    <tr
      class="yozora-table-row"
    >
      <td
        align="center"
        class="yozora-table-cell"
      >
        Alice
      </td>
      <td
        align="left"
        class="yozora-table-cell"
      >
        18
      </td>
    </tr>
    <tr
      class="yozora-table-row"
    >
      <td
        align="center"
        class="yozora-table-cell"
      >
        Bob
      </td>
      <td
        align="left"
        class="yozora-table-cell"
      >
        19
      </td>
    </tr>
  </tbody>
</table>
`;
