// Jest Snapshot v1, https://goo.gl/fbAQLP

exports[`snapshot children is not allowed 1`] = `
<hr
  class="custom-class"
  data-name="yozora-thematic-break"
  style="color:orange"
/>
`;

exports[`snapshot custom 1`] = `
<hr
  class="custom-class"
  data-name="yozora-thematic-break"
  style="color:orange"
/>
`;

exports[`snapshot default 1`] = `
<hr
  class="yozora-thematic-break"
/>
`;
