// Jest Snapshot v1, https://goo.gl/fbAQLP

exports[`snapshot basic 1`] = `
.c0 {
  position: relative;
  margin-top: 3rem;
  border-top: 1px solid var(--color-border-secondary);
  font-size: 0.8rem;
}

.c0::before {
  content: 'footnote-definitions';
  position: absolute;
  top: -1.1rem;
  font-style: italic;
}

.c0 > ul {
  padding: 0;
  margin: 0;
  list-style: none;
}

.c0 .yozora-footnote-definitions__item {
  display: -webkit-box;
  display: -webkit-flex;
  display: -ms-flexbox;
  display: flex;
  -webkit-align-items: flex-start;
  -webkit-box-align: flex-start;
  -ms-flex-align: flex-start;
  align-items: flex-start;
  width: 100%;
  padding: 0;
  margin: 0;
}

.c0 .yozora-footnote-definitions__item-title {
  -webkit-flex: 0 0 auto;
  -ms-flex: 0 0 auto;
  flex: 0 0 auto;
  display: inline-block;
  margin: 0;
  padding: 0;
}

.c0 .yozora-footnote-definitions__item-content {
  -webkit-flex: 0 1 auto;
  -ms-flex: 0 1 auto;
  flex: 0 1 auto;
  display: inline-block;
  margin: 0;
  padding: 0;
}

<div
  class="c0 yozora-footnote-definitions custom-footnote-definitions"
  style="margin-top:2rem"
>
  <ul>
    <li
      class="yozora-footnote-definitions__item"
      id="footnote-1"
    >
      <p
        class="yozora-footnote-definitions__item-title yozora-paragraph"
      >
        <a
          href="#reference-footnote-1"
        >
          ↑
        </a>
          [1]:   
      </p>
      <div
        class="yozora-footnote-definitions__item-content"
      >
        <span>
          waw
        </span>
      </div>
    </li>
    <li
      class="yozora-footnote-definitions__item"
      id="footnote-2"
    >
      <p
        class="yozora-footnote-definitions__item-title yozora-paragraph"
      >
        <a
          href="#reference-footnote-2"
        >
          ↑
        </a>
          [2]:   
      </p>
      <div
        class="yozora-footnote-definitions__item-content"
      >
        <span>
          waw2
        </span>
      </div>
    </li>
  </ul>
</div>
`;
