// Jest Snapshot v1, https://goo.gl/fbAQLP

exports[`basic rendering case snapshot 1`] = `
.c0 {
  color: inherit;
  font-size: inherit;
  font-weight: inherit;
  font-style: inherit;
  -webkit-text-decoration: line-through;
  text-decoration: line-through;
}

<del
  class="c0"
  style="color:orange;font-size:16px"
>
  some text1
  <span>
    some text2
  </span>
</del>
`;

exports[`basic rendering case snapshot with theme 1`] = `
.c0 {
  color: red;
  font-size: 18;
  font-weight: inherit;
  font-style: inherit;
  -webkit-text-decoration: dashed;
  text-decoration: dashed;
}

<Component
  theme={
    Object {
      "yozora": Object {
        "delete": Object {
          "color": "red",
          "fontSize": 18,
          "fontWeight": undefined,
          "textDecoration": "dashed",
        },
      },
    }
  }
>
  <YozoraDelete>
    <styled.del
      theme={
        Object {
          "yozora": Object {
            "delete": Object {
              "color": "inherit",
              "fontSize": "inherit",
              "fontStyle": "inherit",
              "fontWeight": "inherit",
              "textDecoration": "line-through",
            },
          },
        }
      }
    >
      <del
        className="c0"
      >
        some text1
        <span>
          some text2
        </span>
      </del>
    </styled.del>
  </YozoraDelete>
</Component>
`;
