// Jest Snapshot v1, https://goo.gl/fbAQLP

exports[`basic rendering case snapshot 1`] = `
.c0 {
  margin: var(--md-list-item-margin,0 0 0 .25em);
}

<ListItem
  status="done"
  style={
    Object {
      "color": "orange",
      "fontSize": "16px",
    }
  }
>
  <styled.li
    style={
      Object {
        "color": "orange",
        "fontSize": "16px",
      }
    }
  >
    <li
      className="c0"
      style={
        Object {
          "color": "orange",
          "fontSize": "16px",
        }
      }
    >
      some text1
      <span>
        some text2
      </span>
    </li>
  </styled.li>
</ListItem>
`;
