// Jest Snapshot v1, https://goo.gl/fbAQLP

exports[`basic rendering case snapshot 1`] = `
.c1 {
  margin: var(--md-list-item-margin,0 0 0 .25em);
}

.c0 {
  padding: var(--md-list-padding,0 0 0 1.2em);
  margin: var(--md-list-margin,0 0 1em);
}

<OrderedList
  start={3}
  type="a"
>
  <styled.ol
    start={3}
    type="a"
  >
    <ol
      className="c0"
      start={3}
      type="a"
    >
      <ListItem
        key="0"
      >
        <styled.li>
          <li
            className="c1"
          >
            First: Good afternoon!
          </li>
        </styled.li>
      </ListItem>
      <ListItem
        key="1"
      >
        <styled.li>
          <li
            className="c1"
          >
            Second: Good night!
          </li>
        </styled.li>
      </ListItem>
    </ol>
  </styled.ol>
</OrderedList>
`;
