// Jest Snapshot v1, https://goo.gl/fbAQLP

exports[`basic rendering case snapshot 1`] = `
.c1 {
  margin: var(--md-list-item-margin,0 0 0 .25em);
}

.c0 {
  padding: var(--md-list-padding,0 0 0 1.2em);
  margin: var(--md-list-margin,0 0 1em);
}

<UnorderedList>
  <styled.ul>
    <ul
      className="c0"
    >
      <ListItem
        key="0"
      >
        <styled.li>
          <li
            className="c1"
          >
            apple
          </li>
        </styled.li>
      </ListItem>
      <ListItem
        key="1"
      >
        <styled.li>
          <li
            className="c1"
          >
            banana
          </li>
        </styled.li>
      </ListItem>
      <ListItem
        key="2"
      >
        <styled.li>
          <li
            className="c1"
          >
            cat
          </li>
        </styled.li>
      </ListItem>
    </ul>
  </styled.ul>
</UnorderedList>
`;
