// Jest Snapshot v1, https://goo.gl/fbAQLP

exports[`snapshot custom 1`] = `
<br
  class="yozora-break custom-class"
  style="color:orange"
/>
`;

exports[`snapshot default 1`] = `
<br
  class="yozora-break"
/>
`;
