// Jest Snapshot v1, https://goo.gl/fbAQLP

exports[`basic rendering case snapshot 1`] = `
.c0 {
  color: inherit;
  font-size: inherit;
  font-style: inherit;
  -webkit-text-decoration: none;
  text-decoration: none;
}

<a
  class="c0"
  href="/home"
  style="color:orange;font-size:16px"
  theme="[object Object]"
  title="home"
>
  some text1
  <span>
    some text2
  </span>
</a>
`;

exports[`basic rendering case snapshot with theme 1`] = `
.c0 {
  color: blue;
  font-size: inherit;
  font-style: italic;
  -webkit-text-decoration: none;
  text-decoration: none;
}

<BrowserRouter>
  <Router
    history={
      Object {
        "action": "POP",
        "block": [Function],
        "createHref": [Function],
        "go": [Function],
        "goBack": [Function],
        "goForward": [Function],
        "length": 1,
        "listen": [Function],
        "location": Object {
          "hash": "",
          "pathname": "/",
          "search": "",
          "state": undefined,
        },
        "push": [Function],
        "replace": [Function],
      }
    }
  >
    <Component
      theme={
        Object {
          "yozora": Object {
            "link": Object {
              "color": "blue",
              "fontSize": undefined,
              "fontStyle": "italic",
              "textDecoration": "none",
            },
          },
        }
      }
    >
      <YozoraRouteLink
        style={
          Object {
            "color": "orange",
            "fontSize": "16px",
          }
        }
        title="home"
        url="/home"
      >
        <styled.a
          as={
            Object {
              "$$typeof": Symbol(react.forward_ref),
              "propTypes": Object {
                "innerRef": [Function],
                "onClick": [Function],
                "replace": [Function],
                "target": [Function],
                "to": [Function],
              },
              "render": [Function],
            }
          }
          style={
            Object {
              "color": "orange",
              "fontSize": "16px",
            }
          }
          theme={
            Object {
              "yozora": Object {
                "link": Object {
                  "color": "inherit",
                  "fontSize": "inherit",
                  "fontStyle": "inherit",
                  "textDecoration": "none",
                },
              },
            }
          }
          title="home"
          to={
            Object {
              "pathname": "/home",
            }
          }
        >
          <Link
            className="c0"
            style={
              Object {
                "color": "orange",
                "fontSize": "16px",
              }
            }
            theme={
              Object {
                "yozora": Object {
                  "link": Object {
                    "color": "inherit",
                    "fontSize": "inherit",
                    "fontStyle": "inherit",
                    "textDecoration": "none",
                  },
                },
              }
            }
            title="home"
            to={
              Object {
                "pathname": "/home",
              }
            }
          >
            <LinkAnchor
              className="c0"
              href="/home"
              navigate={[Function]}
              style={
                Object {
                  "color": "orange",
                  "fontSize": "16px",
                }
              }
              theme={
                Object {
                  "yozora": Object {
                    "link": Object {
                      "color": "inherit",
                      "fontSize": "inherit",
                      "fontStyle": "inherit",
                      "textDecoration": "none",
                    },
                  },
                }
              }
              title="home"
            >
              <a
                className="c0"
                href="/home"
                onClick={[Function]}
                style={
                  Object {
                    "color": "orange",
                    "fontSize": "16px",
                  }
                }
                theme={
                  Object {
                    "yozora": Object {
                      "link": Object {
                        "color": "inherit",
                        "fontSize": "inherit",
                        "fontStyle": "inherit",
                        "textDecoration": "none",
                      },
                    },
                  }
                }
                title="home"
              >
                some text1
                <span>
                  some text2
                </span>
              </a>
            </LinkAnchor>
          </Link>
        </styled.a>
      </YozoraRouteLink>
    </Component>
  </Router>
</BrowserRouter>
`;
