// Jest Snapshot v1, https://goo.gl/fbAQLP

exports[`basic rendering case snapshot 1`] = `
.c1 {
  position: absolute;
  top: 0;
  left: 0;
  display: none;
  width: 100%;
  height: 100%;
  overflow-y: auto;
}

.c0 {
  position: relative;
  border: none;
  padding: 0;
  background: transparent;
  color: inherit;
}

<div
  class="c0"
>
  <span
    data-type="jsx"
  >
    9
  </span>
  <div
    class="c1"
    hidden=""
  />
</div>
`;

exports[`basic rendering case snapshot with theme 1`] = `
.c1 {
  position: absolute;
  top: 0;
  left: 0;
  display: none;
  width: 100%;
  height: 100%;
  overflow-y: auto;
}

.c0 {
  position: relative;
  border: none;
  padding: 2px;
  background: #fff;
  color: #ccc;
}

<Component
  theme={
    Object {
      "yozora": Object {
        "codeEmbed": Object {
          "background": "#fff",
          "border": "none",
          "color": "#ccc",
          "errorBackground": "red",
          "errorColor": "#f8f8f2",
          "errorFontSize": "0.9em",
          "padding": "2px",
        },
      },
    }
  }
>
  <YozoraCodeEmbed
    CodeRenderer={[Function]}
    lang="jsx"
    value="
      const a = 1 + 2;
      return a * a
    "
  >
    <styled.div
      $hasError={false}
      theme={
        Object {
          "yozora": Object {
            "codeEmbed": Object {
              "background": "transparent",
              "border": "none",
              "color": "inherit",
              "errorBackground": "#ff5555",
              "errorColor": "#f8f8f2",
              "errorFontFamily": "Consolas, \\"Source Code Pro\\", monospace, sans-serif",
              "errorFontSize": "0.9em",
              "padding": "0",
            },
          },
        }
      }
    >
      <div
        className="c0"
      >
        <JsxRenderer
          lang="jsx"
          onError={[Function]}
          value="
      const a = 1 + 2;
      return a * a
    "
        >
          <span
            data-type="jsx"
          >
            9
          </span>
        </JsxRenderer>
        <styled.div
          hidden={true}
        >
          <div
            className="c1"
            hidden={true}
          >
            <YozoraCodeEmbedError
              error={null}
            />
          </div>
        </styled.div>
      </div>
    </styled.div>
  </YozoraCodeEmbed>
</Component>
`;
